Info: Starting: Create simulation model
Info: qsys-generate /home/na62torino/Data/na62l0tpfw/TemperatureSensor/TemperatureSensor.qsys --simulation=VHDL --allow-mixed-language-simulation --output-directory=/home/na62torino/Data/na62l0tpfw/TemperatureSensor/TemperatureSensor/simulation --family="Stratix IV" --part=EP4SGX530KH40C2
Progress: Loading TemperatureSensor/TemperatureSensor.qsys
Progress: Reading input file
Progress: Adding temp_sense_0 [altera_temp_sense 16.1]
Progress: Parameterizing module temp_sense_0
Progress: Building connections
Progress: Parameterizing connections
Progress: Validating
Progress: Done reading input file
Info: TemperatureSensor: Generating TemperatureSensor "TemperatureSensor" for SIM_VHDL
Info: temp_sense_0: "TemperatureSensor" instantiated altera_temp_sense "temp_sense_0"
Info: TemperatureSensor: Done "TemperatureSensor" with 2 modules, 2 files
Info: qsys-generate succeeded.
Info: Finished: Create simulation model
Info: Starting: Create Modelsim Project.
Info: sim-script-gen --spd=/home/na62torino/Data/na62l0tpfw/TemperatureSensor/TemperatureSensor/TemperatureSensor.spd --output-directory=/home/na62torino/Data/na62l0tpfw/TemperatureSensor/TemperatureSensor/simulation/ --use-relative-paths=true
Info: Doing: ip-make-simscript --spd=/home/na62torino/Data/na62l0tpfw/TemperatureSensor/TemperatureSensor/TemperatureSensor.spd --output-directory=/home/na62torino/Data/na62l0tpfw/TemperatureSensor/TemperatureSensor/simulation/ --use-relative-paths=true
Info: Generating the following file(s) for MODELSIM simulator in /home/na62torino/Data/na62l0tpfw/TemperatureSensor/TemperatureSensor/simulation/ directory:
Info: 	mentor/msim_setup.tcl
Info: Skipping VCS script generation since VHDL file $QUARTUS_INSTALL_DIR/eda/sim_lib/altera_syn_attributes.vhd is required for simulation
Info: Generating the following file(s) for VCSMX simulator in /home/na62torino/Data/na62l0tpfw/TemperatureSensor/TemperatureSensor/simulation/ directory:
Info: 	synopsys/vcsmx/synopsys_sim.setup
Info: 	synopsys/vcsmx/vcsmx_setup.sh
Info: Generating the following file(s) for NCSIM simulator in /home/na62torino/Data/na62l0tpfw/TemperatureSensor/TemperatureSensor/simulation/ directory:
Info: 	cadence/cds.lib
Info: 	cadence/hdl.var
Info: 	cadence/ncsim_setup.sh
Info: 	1 .cds.lib files in cadence/cds_libs/ directory
Info: Generating the following file(s) for RIVIERA simulator in /home/na62torino/Data/na62l0tpfw/TemperatureSensor/TemperatureSensor/simulation/ directory:
Info: 	aldec/rivierapro_setup.tcl
Info: For information on how to simulate your IP, see the explanatory comments in the simulator-specific subdirectories under /home/na62torino/Data/na62l0tpfw/TemperatureSensor/TemperatureSensor/simulation/.
Info: Regenerate these scripts whenever you make any change to any Quartus-generated IP in your project.
Info: Finished: Create Modelsim Project.
Info: Starting: Create block symbol file (.bsf)
Info: qsys-generate /home/na62torino/Data/na62l0tpfw/TemperatureSensor/TemperatureSensor.qsys --block-symbol-file --output-directory=/home/na62torino/Data/na62l0tpfw/TemperatureSensor/TemperatureSensor --family="Stratix IV" --part=EP4SGX530KH40C2
Progress: Loading TemperatureSensor/TemperatureSensor.qsys
Progress: Reading input file
Progress: Adding temp_sense_0 [altera_temp_sense 16.1]
Progress: Parameterizing module temp_sense_0
Progress: Building connections
Progress: Parameterizing connections
Progress: Validating
Progress: Done reading input file
Info: qsys-generate succeeded.
Info: Finished: Create block symbol file (.bsf)
Info: 
Info: Starting: Create HDL design files for synthesis
Info: qsys-generate /home/na62torino/Data/na62l0tpfw/TemperatureSensor/TemperatureSensor.qsys --synthesis=VHDL --output-directory=/home/na62torino/Data/na62l0tpfw/TemperatureSensor/TemperatureSensor/synthesis --family="Stratix IV" --part=EP4SGX530KH40C2
Progress: Loading TemperatureSensor/TemperatureSensor.qsys
Progress: Reading input file
Progress: Adding temp_sense_0 [altera_temp_sense 16.1]
Progress: Parameterizing module temp_sense_0
Progress: Building connections
Progress: Parameterizing connections
Progress: Validating
Progress: Done reading input file
Info: TemperatureSensor: Generating TemperatureSensor "TemperatureSensor" for QUARTUS_SYNTH
Info: temp_sense_0: Generating top-level entity TemperatureSensor_temp_sense_0.
Info: temp_sense_0: "TemperatureSensor" instantiated altera_temp_sense "temp_sense_0"
Info: TemperatureSensor: Done "TemperatureSensor" with 2 modules, 2 files
Info: qsys-generate succeeded.
Info: Finished: Create HDL design files for synthesis
