------------------------------------------------------------
Timing Analyzer Summary
------------------------------------------------------------

Type  : Slow 900mV 85C Model Setup 'input_clock_125'
Slack : -0.464
TNS   : -253.435

Type  : Slow 900mV 85C Model Setup 'input_clock_50'
Slack : 0.007
TNS   : 0.000

Type  : Slow 900mV 85C Model Setup 'tx_output_clock[0]'
Slack : 0.056
TNS   : 0.000

Type  : Slow 900mV 85C Model Setup 'tx_output_clock[1]'
Slack : 0.110
TNS   : 0.000

Type  : Slow 900mV 85C Model Setup 'tx_output_clock[3]'
Slack : 0.111
TNS   : 0.000

Type  : Slow 900mV 85C Model Setup 'tx_output_clock[2]'
Slack : 0.141
TNS   : 0.000

Type  : Slow 900mV 85C Model Setup 'rx_input_clock[1]'
Slack : 0.172
TNS   : 0.000

Type  : Slow 900mV 85C Model Setup 'rx_input_clock[0]'
Slack : 0.177
TNS   : 0.000

Type  : Slow 900mV 85C Model Setup 'rx_input_clock[3]'
Slack : 0.179
TNS   : 0.000

Type  : Slow 900mV 85C Model Setup 'rx_input_clock[2]'
Slack : 0.185
TNS   : 0.000

Type  : Slow 900mV 85C Model Setup 'input_clock_40'
Slack : 7.213
TNS   : 0.000

Type  : Slow 900mV 85C Model Setup 'altera_reserved_tck'
Slack : 46.873
TNS   : 0.000

Type  : Slow 900mV 85C Model Hold 'rx_input_clock[3]'
Slack : 0.094
TNS   : 0.000

Type  : Slow 900mV 85C Model Hold 'rx_input_clock[2]'
Slack : 0.102
TNS   : 0.000

Type  : Slow 900mV 85C Model Hold 'rx_input_clock[1]'
Slack : 0.112
TNS   : 0.000

Type  : Slow 900mV 85C Model Hold 'input_clock_125'
Slack : 0.192
TNS   : 0.000

Type  : Slow 900mV 85C Model Hold 'rx_input_clock[0]'
Slack : 0.217
TNS   : 0.000

Type  : Slow 900mV 85C Model Hold 'input_clock_50'
Slack : 0.240
TNS   : 0.000

Type  : Slow 900mV 85C Model Hold 'input_clock_40'
Slack : 0.275
TNS   : 0.000

Type  : Slow 900mV 85C Model Hold 'altera_reserved_tck'
Slack : 0.324
TNS   : 0.000

Type  : Slow 900mV 85C Model Hold 'tx_output_clock[1]'
Slack : 3.707
TNS   : 0.000

Type  : Slow 900mV 85C Model Hold 'tx_output_clock[3]'
Slack : 3.712
TNS   : 0.000

Type  : Slow 900mV 85C Model Hold 'tx_output_clock[2]'
Slack : 3.748
TNS   : 0.000

Type  : Slow 900mV 85C Model Hold 'tx_output_clock[0]'
Slack : 3.755
TNS   : 0.000

Type  : Slow 900mV 85C Model Recovery 'input_clock_50'
Slack : -0.588
TNS   : -3.529

Type  : Slow 900mV 85C Model Recovery 'input_clock_125'
Slack : -0.275
TNS   : -1.488

Type  : Slow 900mV 85C Model Recovery 'rx_input_clock[1]'
Slack : 1.192
TNS   : 0.000

Type  : Slow 900mV 85C Model Recovery 'rx_input_clock[2]'
Slack : 1.791
TNS   : 0.000

Type  : Slow 900mV 85C Model Recovery 'rx_input_clock[0]'
Slack : 1.870
TNS   : 0.000

Type  : Slow 900mV 85C Model Recovery 'rx_input_clock[3]'
Slack : 1.956
TNS   : 0.000

Type  : Slow 900mV 85C Model Recovery 'input_clock_40'
Slack : 8.077
TNS   : 0.000

Type  : Slow 900mV 85C Model Recovery 'altera_reserved_tck'
Slack : 93.886
TNS   : 0.000

Type  : Slow 900mV 85C Model Removal 'rx_input_clock[2]'
Slack : 0.388
TNS   : 0.000

Type  : Slow 900mV 85C Model Removal 'input_clock_125'
Slack : 0.460
TNS   : 0.000

Type  : Slow 900mV 85C Model Removal 'input_clock_50'
Slack : 0.484
TNS   : 0.000

Type  : Slow 900mV 85C Model Removal 'rx_input_clock[0]'
Slack : 0.494
TNS   : 0.000

Type  : Slow 900mV 85C Model Removal 'rx_input_clock[1]'
Slack : 0.509
TNS   : 0.000

Type  : Slow 900mV 85C Model Removal 'rx_input_clock[3]'
Slack : 0.513
TNS   : 0.000

Type  : Slow 900mV 85C Model Removal 'input_clock_40'
Slack : 0.515
TNS   : 0.000

Type  : Slow 900mV 85C Model Removal 'altera_reserved_tck'
Slack : 0.646
TNS   : 0.000

Type  : Slow 900mV 85C Model Minimum Pulse Width 'rx_input_clock[3]'
Slack : 3.034
TNS   : 0.000

Type  : Slow 900mV 85C Model Minimum Pulse Width 'rx_input_clock[2]'
Slack : 3.035
TNS   : 0.000

Type  : Slow 900mV 85C Model Minimum Pulse Width 'rx_input_clock[1]'
Slack : 3.036
TNS   : 0.000

Type  : Slow 900mV 85C Model Minimum Pulse Width 'rx_input_clock[0]'
Slack : 3.037
TNS   : 0.000

Type  : Slow 900mV 85C Model Minimum Pulse Width 'input_clock_125'
Slack : 3.159
TNS   : 0.000

Type  : Slow 900mV 85C Model Minimum Pulse Width 'input_clock_50'
Slack : 9.248
TNS   : 0.000

Type  : Slow 900mV 85C Model Minimum Pulse Width 'input_clock_40'
Slack : 11.720
TNS   : 0.000

Type  : Slow 900mV 85C Model Minimum Pulse Width 'external_clock_40'
Slack : 12.490
TNS   : 0.000

Type  : Slow 900mV 85C Model Minimum Pulse Width 'altera_reserved_tck'
Slack : 49.202
TNS   : 0.000

Type  : Slow 900mV 0C Model Setup 'input_clock_125'
Slack : -0.256
TNS   : -28.866

Type  : Slow 900mV 0C Model Setup 'input_clock_50'
Slack : 0.177
TNS   : 0.000

Type  : Slow 900mV 0C Model Setup 'tx_output_clock[0]'
Slack : 0.180
TNS   : 0.000

Type  : Slow 900mV 0C Model Setup 'tx_output_clock[3]'
Slack : 0.232
TNS   : 0.000

Type  : Slow 900mV 0C Model Setup 'tx_output_clock[1]'
Slack : 0.234
TNS   : 0.000

Type  : Slow 900mV 0C Model Setup 'tx_output_clock[2]'
Slack : 0.258
TNS   : 0.000

Type  : Slow 900mV 0C Model Setup 'rx_input_clock[1]'
Slack : 0.467
TNS   : 0.000

Type  : Slow 900mV 0C Model Setup 'rx_input_clock[3]'
Slack : 0.488
TNS   : 0.000

Type  : Slow 900mV 0C Model Setup 'rx_input_clock[2]'
Slack : 0.490
TNS   : 0.000

Type  : Slow 900mV 0C Model Setup 'rx_input_clock[0]'
Slack : 0.493
TNS   : 0.000

Type  : Slow 900mV 0C Model Setup 'input_clock_40'
Slack : 7.814
TNS   : 0.000

Type  : Slow 900mV 0C Model Setup 'altera_reserved_tck'
Slack : 46.994
TNS   : 0.000

Type  : Slow 900mV 0C Model Hold 'rx_input_clock[3]'
Slack : 0.056
TNS   : 0.000

Type  : Slow 900mV 0C Model Hold 'rx_input_clock[2]'
Slack : 0.081
TNS   : 0.000

Type  : Slow 900mV 0C Model Hold 'rx_input_clock[1]'
Slack : 0.106
TNS   : 0.000

Type  : Slow 900mV 0C Model Hold 'rx_input_clock[0]'
Slack : 0.136
TNS   : 0.000

Type  : Slow 900mV 0C Model Hold 'input_clock_125'
Slack : 0.192
TNS   : 0.000

Type  : Slow 900mV 0C Model Hold 'input_clock_50'
Slack : 0.218
TNS   : 0.000

Type  : Slow 900mV 0C Model Hold 'input_clock_40'
Slack : 0.276
TNS   : 0.000

Type  : Slow 900mV 0C Model Hold 'altera_reserved_tck'
Slack : 0.318
TNS   : 0.000

Type  : Slow 900mV 0C Model Hold 'tx_output_clock[3]'
Slack : 3.662
TNS   : 0.000

Type  : Slow 900mV 0C Model Hold 'tx_output_clock[1]'
Slack : 3.667
TNS   : 0.000

Type  : Slow 900mV 0C Model Hold 'tx_output_clock[2]'
Slack : 3.711
TNS   : 0.000

Type  : Slow 900mV 0C Model Hold 'tx_output_clock[0]'
Slack : 3.717
TNS   : 0.000

Type  : Slow 900mV 0C Model Recovery 'input_clock_50'
Slack : -0.315
TNS   : -1.135

Type  : Slow 900mV 0C Model Recovery 'input_clock_125'
Slack : -0.142
TNS   : -0.284

Type  : Slow 900mV 0C Model Recovery 'rx_input_clock[1]'
Slack : 1.361
TNS   : 0.000

Type  : Slow 900mV 0C Model Recovery 'rx_input_clock[2]'
Slack : 1.852
TNS   : 0.000

Type  : Slow 900mV 0C Model Recovery 'rx_input_clock[0]'
Slack : 1.937
TNS   : 0.000

Type  : Slow 900mV 0C Model Recovery 'rx_input_clock[3]'
Slack : 2.011
TNS   : 0.000

Type  : Slow 900mV 0C Model Recovery 'input_clock_40'
Slack : 8.505
TNS   : 0.000

Type  : Slow 900mV 0C Model Recovery 'altera_reserved_tck'
Slack : 94.155
TNS   : 0.000

Type  : Slow 900mV 0C Model Removal 'rx_input_clock[2]'
Slack : 0.387
TNS   : 0.000

Type  : Slow 900mV 0C Model Removal 'input_clock_125'
Slack : 0.446
TNS   : 0.000

Type  : Slow 900mV 0C Model Removal 'input_clock_50'
Slack : 0.468
TNS   : 0.000

Type  : Slow 900mV 0C Model Removal 'rx_input_clock[3]'
Slack : 0.492
TNS   : 0.000

Type  : Slow 900mV 0C Model Removal 'input_clock_40'
Slack : 0.497
TNS   : 0.000

Type  : Slow 900mV 0C Model Removal 'rx_input_clock[1]'
Slack : 0.497
TNS   : 0.000

Type  : Slow 900mV 0C Model Removal 'rx_input_clock[0]'
Slack : 0.523
TNS   : 0.000

Type  : Slow 900mV 0C Model Removal 'altera_reserved_tck'
Slack : 0.616
TNS   : 0.000

Type  : Slow 900mV 0C Model Minimum Pulse Width 'rx_input_clock[3]'
Slack : 3.064
TNS   : 0.000

Type  : Slow 900mV 0C Model Minimum Pulse Width 'rx_input_clock[2]'
Slack : 3.065
TNS   : 0.000

Type  : Slow 900mV 0C Model Minimum Pulse Width 'rx_input_clock[1]'
Slack : 3.071
TNS   : 0.000

Type  : Slow 900mV 0C Model Minimum Pulse Width 'rx_input_clock[0]'
Slack : 3.072
TNS   : 0.000

Type  : Slow 900mV 0C Model Minimum Pulse Width 'input_clock_125'
Slack : 3.169
TNS   : 0.000

Type  : Slow 900mV 0C Model Minimum Pulse Width 'input_clock_50'
Slack : 9.246
TNS   : 0.000

Type  : Slow 900mV 0C Model Minimum Pulse Width 'input_clock_40'
Slack : 11.743
TNS   : 0.000

Type  : Slow 900mV 0C Model Minimum Pulse Width 'external_clock_40'
Slack : 12.491
TNS   : 0.000

Type  : Slow 900mV 0C Model Minimum Pulse Width 'altera_reserved_tck'
Slack : 49.185
TNS   : 0.000

Type  : Fast 900mV 0C Model Setup 'tx_output_clock[0]'
Slack : 0.556
TNS   : 0.000

Type  : Fast 900mV 0C Model Setup 'tx_output_clock[1]'
Slack : 0.601
TNS   : 0.000

Type  : Fast 900mV 0C Model Setup 'tx_output_clock[3]'
Slack : 0.607
TNS   : 0.000

Type  : Fast 900mV 0C Model Setup 'tx_output_clock[2]'
Slack : 0.633
TNS   : 0.000

Type  : Fast 900mV 0C Model Setup 'rx_input_clock[1]'
Slack : 0.964
TNS   : 0.000

Type  : Fast 900mV 0C Model Setup 'rx_input_clock[2]'
Slack : 0.972
TNS   : 0.000

Type  : Fast 900mV 0C Model Setup 'rx_input_clock[3]'
Slack : 0.972
TNS   : 0.000

Type  : Fast 900mV 0C Model Setup 'rx_input_clock[0]'
Slack : 0.973
TNS   : 0.000

Type  : Fast 900mV 0C Model Setup 'input_clock_125'
Slack : 1.378
TNS   : 0.000

Type  : Fast 900mV 0C Model Setup 'input_clock_50'
Slack : 1.510
TNS   : 0.000

Type  : Fast 900mV 0C Model Setup 'input_clock_40'
Slack : 10.924
TNS   : 0.000

Type  : Fast 900mV 0C Model Setup 'altera_reserved_tck'
Slack : 48.657
TNS   : 0.000

Type  : Fast 900mV 0C Model Hold 'rx_input_clock[0]'
Slack : -0.455
TNS   : -1.003

Type  : Fast 900mV 0C Model Hold 'rx_input_clock[1]'
Slack : -0.371
TNS   : -0.371

Type  : Fast 900mV 0C Model Hold 'rx_input_clock[2]'
Slack : -0.059
TNS   : -0.114

Type  : Fast 900mV 0C Model Hold 'rx_input_clock[3]'
Slack : 0.048
TNS   : 0.000

Type  : Fast 900mV 0C Model Hold 'input_clock_125'
Slack : 0.101
TNS   : 0.000

Type  : Fast 900mV 0C Model Hold 'input_clock_50'
Slack : 0.135
TNS   : 0.000

Type  : Fast 900mV 0C Model Hold 'input_clock_40'
Slack : 0.150
TNS   : 0.000

Type  : Fast 900mV 0C Model Hold 'altera_reserved_tck'
Slack : 0.165
TNS   : 0.000

Type  : Fast 900mV 0C Model Hold 'tx_output_clock[3]'
Slack : 3.423
TNS   : 0.000

Type  : Fast 900mV 0C Model Hold 'tx_output_clock[1]'
Slack : 3.431
TNS   : 0.000

Type  : Fast 900mV 0C Model Hold 'tx_output_clock[2]'
Slack : 3.460
TNS   : 0.000

Type  : Fast 900mV 0C Model Hold 'tx_output_clock[0]'
Slack : 3.468
TNS   : 0.000

Type  : Fast 900mV 0C Model Recovery 'input_clock_50'
Slack : 1.111
TNS   : 0.000

Type  : Fast 900mV 0C Model Recovery 'input_clock_125'
Slack : 1.241
TNS   : 0.000

Type  : Fast 900mV 0C Model Recovery 'rx_input_clock[1]'
Slack : 2.597
TNS   : 0.000

Type  : Fast 900mV 0C Model Recovery 'rx_input_clock[0]'
Slack : 2.990
TNS   : 0.000

Type  : Fast 900mV 0C Model Recovery 'rx_input_clock[2]'
Slack : 2.993
TNS   : 0.000

Type  : Fast 900mV 0C Model Recovery 'rx_input_clock[3]'
Slack : 3.079
TNS   : 0.000

Type  : Fast 900mV 0C Model Recovery 'input_clock_40'
Slack : 11.581
TNS   : 0.000

Type  : Fast 900mV 0C Model Recovery 'altera_reserved_tck'
Slack : 96.349
TNS   : 0.000

Type  : Fast 900mV 0C Model Removal 'rx_input_clock[2]'
Slack : 0.197
TNS   : 0.000

Type  : Fast 900mV 0C Model Removal 'rx_input_clock[0]'
Slack : 0.240
TNS   : 0.000

Type  : Fast 900mV 0C Model Removal 'input_clock_125'
Slack : 0.255
TNS   : 0.000

Type  : Fast 900mV 0C Model Removal 'input_clock_40'
Slack : 0.267
TNS   : 0.000

Type  : Fast 900mV 0C Model Removal 'input_clock_50'
Slack : 0.268
TNS   : 0.000

Type  : Fast 900mV 0C Model Removal 'rx_input_clock[3]'
Slack : 0.279
TNS   : 0.000

Type  : Fast 900mV 0C Model Removal 'rx_input_clock[1]'
Slack : 0.282
TNS   : 0.000

Type  : Fast 900mV 0C Model Removal 'altera_reserved_tck'
Slack : 0.329
TNS   : 0.000

Type  : Fast 900mV 0C Model Minimum Pulse Width 'rx_input_clock[3]'
Slack : 2.833
TNS   : 0.000

Type  : Fast 900mV 0C Model Minimum Pulse Width 'rx_input_clock[2]'
Slack : 2.835
TNS   : 0.000

Type  : Fast 900mV 0C Model Minimum Pulse Width 'rx_input_clock[1]'
Slack : 2.842
TNS   : 0.000

Type  : Fast 900mV 0C Model Minimum Pulse Width 'rx_input_clock[0]'
Slack : 2.843
TNS   : 0.000

Type  : Fast 900mV 0C Model Minimum Pulse Width 'input_clock_125'
Slack : 3.212
TNS   : 0.000

Type  : Fast 900mV 0C Model Minimum Pulse Width 'input_clock_50'
Slack : 9.183
TNS   : 0.000

Type  : Fast 900mV 0C Model Minimum Pulse Width 'input_clock_40'
Slack : 11.725
TNS   : 0.000

Type  : Fast 900mV 0C Model Minimum Pulse Width 'external_clock_40'
Slack : 12.491
TNS   : 0.000

Type  : Fast 900mV 0C Model Minimum Pulse Width 'altera_reserved_tck'
Slack : 49.175
TNS   : 0.000

------------------------------------------------------------
