------------------------------------------------------------
Timing Analyzer Summary
------------------------------------------------------------

Type  : Slow 900mV 85C Model Setup 'input_clock_125'
Slack : -0.314
TNS   : -164.331

Type  : Slow 900mV 85C Model Setup 'input_clock_50'
Slack : -0.206
TNS   : -0.489

Type  : Slow 900mV 85C Model Setup 'tx_output_clock[0]'
Slack : 0.059
TNS   : 0.000

Type  : Slow 900mV 85C Model Setup 'tx_output_clock[1]'
Slack : 0.113
TNS   : 0.000

Type  : Slow 900mV 85C Model Setup 'tx_output_clock[3]'
Slack : 0.125
TNS   : 0.000

Type  : Slow 900mV 85C Model Setup 'tx_output_clock[2]'
Slack : 0.155
TNS   : 0.000

Type  : Slow 900mV 85C Model Setup 'rx_input_clock[1]'
Slack : 0.181
TNS   : 0.000

Type  : Slow 900mV 85C Model Setup 'rx_input_clock[2]'
Slack : 0.182
TNS   : 0.000

Type  : Slow 900mV 85C Model Setup 'rx_input_clock[3]'
Slack : 0.182
TNS   : 0.000

Type  : Slow 900mV 85C Model Setup 'rx_input_clock[0]'
Slack : 0.189
TNS   : 0.000

Type  : Slow 900mV 85C Model Setup 'input_clock_40'
Slack : 5.762
TNS   : 0.000

Type  : Slow 900mV 85C Model Setup 'altera_reserved_tck'
Slack : 45.651
TNS   : 0.000

Type  : Slow 900mV 85C Model Hold 'rx_input_clock[0]'
Slack : 0.098
TNS   : 0.000

Type  : Slow 900mV 85C Model Hold 'input_clock_50'
Slack : 0.169
TNS   : 0.000

Type  : Slow 900mV 85C Model Hold 'rx_input_clock[2]'
Slack : 0.173
TNS   : 0.000

Type  : Slow 900mV 85C Model Hold 'input_clock_125'
Slack : 0.192
TNS   : 0.000

Type  : Slow 900mV 85C Model Hold 'rx_input_clock[1]'
Slack : 0.202
TNS   : 0.000

Type  : Slow 900mV 85C Model Hold 'rx_input_clock[3]'
Slack : 0.210
TNS   : 0.000

Type  : Slow 900mV 85C Model Hold 'input_clock_40'
Slack : 0.276
TNS   : 0.000

Type  : Slow 900mV 85C Model Hold 'altera_reserved_tck'
Slack : 0.323
TNS   : 0.000

Type  : Slow 900mV 85C Model Hold 'tx_output_clock[3]'
Slack : 3.693
TNS   : 0.000

Type  : Slow 900mV 85C Model Hold 'tx_output_clock[1]'
Slack : 3.707
TNS   : 0.000

Type  : Slow 900mV 85C Model Hold 'tx_output_clock[2]'
Slack : 3.733
TNS   : 0.000

Type  : Slow 900mV 85C Model Hold 'tx_output_clock[0]'
Slack : 3.737
TNS   : 0.000

Type  : Slow 900mV 85C Model Recovery 'input_clock_50'
Slack : -0.601
TNS   : -4.197

Type  : Slow 900mV 85C Model Recovery 'input_clock_125'
Slack : 0.144
TNS   : 0.000

Type  : Slow 900mV 85C Model Recovery 'rx_input_clock[1]'
Slack : 1.276
TNS   : 0.000

Type  : Slow 900mV 85C Model Recovery 'rx_input_clock[2]'
Slack : 1.912
TNS   : 0.000

Type  : Slow 900mV 85C Model Recovery 'rx_input_clock[0]'
Slack : 1.966
TNS   : 0.000

Type  : Slow 900mV 85C Model Recovery 'rx_input_clock[3]'
Slack : 2.558
TNS   : 0.000

Type  : Slow 900mV 85C Model Recovery 'input_clock_40'
Slack : 9.596
TNS   : 0.000

Type  : Slow 900mV 85C Model Recovery 'altera_reserved_tck'
Slack : 92.926
TNS   : 0.000

Type  : Slow 900mV 85C Model Removal 'rx_input_clock[1]'
Slack : 0.425
TNS   : 0.000

Type  : Slow 900mV 85C Model Removal 'rx_input_clock[3]'
Slack : 0.437
TNS   : 0.000

Type  : Slow 900mV 85C Model Removal 'rx_input_clock[0]'
Slack : 0.442
TNS   : 0.000

Type  : Slow 900mV 85C Model Removal 'input_clock_125'
Slack : 0.463
TNS   : 0.000

Type  : Slow 900mV 85C Model Removal 'rx_input_clock[2]'
Slack : 0.545
TNS   : 0.000

Type  : Slow 900mV 85C Model Removal 'altera_reserved_tck'
Slack : 0.631
TNS   : 0.000

Type  : Slow 900mV 85C Model Removal 'input_clock_50'
Slack : 0.727
TNS   : 0.000

Type  : Slow 900mV 85C Model Removal 'input_clock_40'
Slack : 0.941
TNS   : 0.000

Type  : Slow 900mV 85C Model Minimum Pulse Width 'rx_input_clock[0]'
Slack : 3.022
TNS   : 0.000

Type  : Slow 900mV 85C Model Minimum Pulse Width 'rx_input_clock[2]'
Slack : 3.039
TNS   : 0.000

Type  : Slow 900mV 85C Model Minimum Pulse Width 'rx_input_clock[3]'
Slack : 3.043
TNS   : 0.000

Type  : Slow 900mV 85C Model Minimum Pulse Width 'rx_input_clock[1]'
Slack : 3.048
TNS   : 0.000

Type  : Slow 900mV 85C Model Minimum Pulse Width 'input_clock_125'
Slack : 3.164
TNS   : 0.000

Type  : Slow 900mV 85C Model Minimum Pulse Width 'input_clock_50'
Slack : 9.250
TNS   : 0.000

Type  : Slow 900mV 85C Model Minimum Pulse Width 'input_clock_40'
Slack : 11.718
TNS   : 0.000

Type  : Slow 900mV 85C Model Minimum Pulse Width 'external_clock_40'
Slack : 12.490
TNS   : 0.000

Type  : Slow 900mV 85C Model Minimum Pulse Width 'altera_reserved_tck'
Slack : 49.201
TNS   : 0.000

Type  : Slow 900mV 0C Model Setup 'input_clock_125'
Slack : -0.131
TNS   : -5.514

Type  : Slow 900mV 0C Model Setup 'input_clock_50'
Slack : -0.007
TNS   : -0.007

Type  : Slow 900mV 0C Model Setup 'tx_output_clock[0]'
Slack : 0.184
TNS   : 0.000

Type  : Slow 900mV 0C Model Setup 'tx_output_clock[1]'
Slack : 0.238
TNS   : 0.000

Type  : Slow 900mV 0C Model Setup 'tx_output_clock[3]'
Slack : 0.246
TNS   : 0.000

Type  : Slow 900mV 0C Model Setup 'tx_output_clock[2]'
Slack : 0.272
TNS   : 0.000

Type  : Slow 900mV 0C Model Setup 'rx_input_clock[1]'
Slack : 0.481
TNS   : 0.000

Type  : Slow 900mV 0C Model Setup 'rx_input_clock[2]'
Slack : 0.485
TNS   : 0.000

Type  : Slow 900mV 0C Model Setup 'rx_input_clock[3]'
Slack : 0.492
TNS   : 0.000

Type  : Slow 900mV 0C Model Setup 'rx_input_clock[0]'
Slack : 0.503
TNS   : 0.000

Type  : Slow 900mV 0C Model Setup 'input_clock_40'
Slack : 6.314
TNS   : 0.000

Type  : Slow 900mV 0C Model Setup 'altera_reserved_tck'
Slack : 45.833
TNS   : 0.000

Type  : Slow 900mV 0C Model Hold 'rx_input_clock[0]'
Slack : 0.097
TNS   : 0.000

Type  : Slow 900mV 0C Model Hold 'input_clock_50'
Slack : 0.154
TNS   : 0.000

Type  : Slow 900mV 0C Model Hold 'rx_input_clock[2]'
Slack : 0.159
TNS   : 0.000

Type  : Slow 900mV 0C Model Hold 'rx_input_clock[1]'
Slack : 0.173
TNS   : 0.000

Type  : Slow 900mV 0C Model Hold 'rx_input_clock[3]'
Slack : 0.187
TNS   : 0.000

Type  : Slow 900mV 0C Model Hold 'input_clock_125'
Slack : 0.192
TNS   : 0.000

Type  : Slow 900mV 0C Model Hold 'input_clock_40'
Slack : 0.276
TNS   : 0.000

Type  : Slow 900mV 0C Model Hold 'altera_reserved_tck'
Slack : 0.319
TNS   : 0.000

Type  : Slow 900mV 0C Model Hold 'tx_output_clock[3]'
Slack : 3.648
TNS   : 0.000

Type  : Slow 900mV 0C Model Hold 'tx_output_clock[1]'
Slack : 3.667
TNS   : 0.000

Type  : Slow 900mV 0C Model Hold 'tx_output_clock[0]'
Slack : 3.699
TNS   : 0.000

Type  : Slow 900mV 0C Model Hold 'tx_output_clock[2]'
Slack : 3.700
TNS   : 0.000

Type  : Slow 900mV 0C Model Recovery 'input_clock_50'
Slack : -0.373
TNS   : -1.305

Type  : Slow 900mV 0C Model Recovery 'input_clock_125'
Slack : 0.223
TNS   : 0.000

Type  : Slow 900mV 0C Model Recovery 'rx_input_clock[1]'
Slack : 1.445
TNS   : 0.000

Type  : Slow 900mV 0C Model Recovery 'rx_input_clock[2]'
Slack : 1.950
TNS   : 0.000

Type  : Slow 900mV 0C Model Recovery 'rx_input_clock[0]'
Slack : 2.047
TNS   : 0.000

Type  : Slow 900mV 0C Model Recovery 'rx_input_clock[3]'
Slack : 2.590
TNS   : 0.000

Type  : Slow 900mV 0C Model Recovery 'input_clock_40'
Slack : 9.942
TNS   : 0.000

Type  : Slow 900mV 0C Model Recovery 'altera_reserved_tck'
Slack : 93.353
TNS   : 0.000

Type  : Slow 900mV 0C Model Removal 'rx_input_clock[1]'
Slack : 0.413
TNS   : 0.000

Type  : Slow 900mV 0C Model Removal 'rx_input_clock[3]'
Slack : 0.429
TNS   : 0.000

Type  : Slow 900mV 0C Model Removal 'rx_input_clock[0]'
Slack : 0.434
TNS   : 0.000

Type  : Slow 900mV 0C Model Removal 'input_clock_125'
Slack : 0.451
TNS   : 0.000

Type  : Slow 900mV 0C Model Removal 'rx_input_clock[2]'
Slack : 0.529
TNS   : 0.000

Type  : Slow 900mV 0C Model Removal 'altera_reserved_tck'
Slack : 0.602
TNS   : 0.000

Type  : Slow 900mV 0C Model Removal 'input_clock_50'
Slack : 0.702
TNS   : 0.000

Type  : Slow 900mV 0C Model Removal 'input_clock_40'
Slack : 0.900
TNS   : 0.000

Type  : Slow 900mV 0C Model Minimum Pulse Width 'rx_input_clock[0]'
Slack : 3.059
TNS   : 0.000

Type  : Slow 900mV 0C Model Minimum Pulse Width 'rx_input_clock[2]'
Slack : 3.070
TNS   : 0.000

Type  : Slow 900mV 0C Model Minimum Pulse Width 'rx_input_clock[3]'
Slack : 3.072
TNS   : 0.000

Type  : Slow 900mV 0C Model Minimum Pulse Width 'rx_input_clock[1]'
Slack : 3.092
TNS   : 0.000

Type  : Slow 900mV 0C Model Minimum Pulse Width 'input_clock_125'
Slack : 3.174
TNS   : 0.000

Type  : Slow 900mV 0C Model Minimum Pulse Width 'input_clock_50'
Slack : 9.248
TNS   : 0.000

Type  : Slow 900mV 0C Model Minimum Pulse Width 'input_clock_40'
Slack : 11.736
TNS   : 0.000

Type  : Slow 900mV 0C Model Minimum Pulse Width 'external_clock_40'
Slack : 12.491
TNS   : 0.000

Type  : Slow 900mV 0C Model Minimum Pulse Width 'altera_reserved_tck'
Slack : 49.185
TNS   : 0.000

Type  : Fast 900mV 0C Model Setup 'tx_output_clock[0]'
Slack : 0.558
TNS   : 0.000

Type  : Fast 900mV 0C Model Setup 'tx_output_clock[1]'
Slack : 0.602
TNS   : 0.000

Type  : Fast 900mV 0C Model Setup 'tx_output_clock[3]'
Slack : 0.616
TNS   : 0.000

Type  : Fast 900mV 0C Model Setup 'tx_output_clock[2]'
Slack : 0.642
TNS   : 0.000

Type  : Fast 900mV 0C Model Setup 'rx_input_clock[1]'
Slack : 0.963
TNS   : 0.000

Type  : Fast 900mV 0C Model Setup 'rx_input_clock[3]'
Slack : 0.970
TNS   : 0.000

Type  : Fast 900mV 0C Model Setup 'rx_input_clock[2]'
Slack : 0.972
TNS   : 0.000

Type  : Fast 900mV 0C Model Setup 'rx_input_clock[0]'
Slack : 0.980
TNS   : 0.000

Type  : Fast 900mV 0C Model Setup 'input_clock_50'
Slack : 1.328
TNS   : 0.000

Type  : Fast 900mV 0C Model Setup 'input_clock_125'
Slack : 1.433
TNS   : 0.000

Type  : Fast 900mV 0C Model Setup 'input_clock_40'
Slack : 10.215
TNS   : 0.000

Type  : Fast 900mV 0C Model Setup 'altera_reserved_tck'
Slack : 47.929
TNS   : 0.000

Type  : Fast 900mV 0C Model Hold 'rx_input_clock[0]'
Slack : -0.464
TNS   : -1.043

Type  : Fast 900mV 0C Model Hold 'rx_input_clock[1]'
Slack : -0.354
TNS   : -0.354

Type  : Fast 900mV 0C Model Hold 'rx_input_clock[2]'
Slack : -0.057
TNS   : -0.110

Type  : Fast 900mV 0C Model Hold 'rx_input_clock[3]'
Slack : 0.065
TNS   : 0.000

Type  : Fast 900mV 0C Model Hold 'input_clock_125'
Slack : 0.091
TNS   : 0.000

Type  : Fast 900mV 0C Model Hold 'input_clock_50'
Slack : 0.098
TNS   : 0.000

Type  : Fast 900mV 0C Model Hold 'input_clock_40'
Slack : 0.152
TNS   : 0.000

Type  : Fast 900mV 0C Model Hold 'altera_reserved_tck'
Slack : 0.165
TNS   : 0.000

Type  : Fast 900mV 0C Model Hold 'tx_output_clock[3]'
Slack : 3.412
TNS   : 0.000

Type  : Fast 900mV 0C Model Hold 'tx_output_clock[1]'
Slack : 3.431
TNS   : 0.000

Type  : Fast 900mV 0C Model Hold 'tx_output_clock[2]'
Slack : 3.454
TNS   : 0.000

Type  : Fast 900mV 0C Model Hold 'tx_output_clock[0]'
Slack : 3.457
TNS   : 0.000

Type  : Fast 900mV 0C Model Recovery 'input_clock_50'
Slack : 1.103
TNS   : 0.000

Type  : Fast 900mV 0C Model Recovery 'input_clock_125'
Slack : 1.565
TNS   : 0.000

Type  : Fast 900mV 0C Model Recovery 'rx_input_clock[1]'
Slack : 2.606
TNS   : 0.000

Type  : Fast 900mV 0C Model Recovery 'rx_input_clock[2]'
Slack : 3.050
TNS   : 0.000

Type  : Fast 900mV 0C Model Recovery 'rx_input_clock[0]'
Slack : 3.064
TNS   : 0.000

Type  : Fast 900mV 0C Model Recovery 'rx_input_clock[3]'
Slack : 3.386
TNS   : 0.000

Type  : Fast 900mV 0C Model Recovery 'input_clock_40'
Slack : 12.489
TNS   : 0.000

Type  : Fast 900mV 0C Model Recovery 'altera_reserved_tck'
Slack : 95.745
TNS   : 0.000

Type  : Fast 900mV 0C Model Removal 'input_clock_125'
Slack : 0.198
TNS   : 0.000

Type  : Fast 900mV 0C Model Removal 'rx_input_clock[1]'
Slack : 0.234
TNS   : 0.000

Type  : Fast 900mV 0C Model Removal 'rx_input_clock[3]'
Slack : 0.235
TNS   : 0.000

Type  : Fast 900mV 0C Model Removal 'rx_input_clock[0]'
Slack : 0.249
TNS   : 0.000

Type  : Fast 900mV 0C Model Removal 'rx_input_clock[2]'
Slack : 0.302
TNS   : 0.000

Type  : Fast 900mV 0C Model Removal 'altera_reserved_tck'
Slack : 0.317
TNS   : 0.000

Type  : Fast 900mV 0C Model Removal 'input_clock_50'
Slack : 0.411
TNS   : 0.000

Type  : Fast 900mV 0C Model Removal 'input_clock_40'
Slack : 0.526
TNS   : 0.000

Type  : Fast 900mV 0C Model Minimum Pulse Width 'rx_input_clock[0]'
Slack : 2.836
TNS   : 0.000

Type  : Fast 900mV 0C Model Minimum Pulse Width 'rx_input_clock[2]'
Slack : 2.838
TNS   : 0.000

Type  : Fast 900mV 0C Model Minimum Pulse Width 'rx_input_clock[3]'
Slack : 2.838
TNS   : 0.000

Type  : Fast 900mV 0C Model Minimum Pulse Width 'rx_input_clock[1]'
Slack : 2.851
TNS   : 0.000

Type  : Fast 900mV 0C Model Minimum Pulse Width 'input_clock_125'
Slack : 3.213
TNS   : 0.000

Type  : Fast 900mV 0C Model Minimum Pulse Width 'input_clock_50'
Slack : 9.177
TNS   : 0.000

Type  : Fast 900mV 0C Model Minimum Pulse Width 'input_clock_40'
Slack : 11.718
TNS   : 0.000

Type  : Fast 900mV 0C Model Minimum Pulse Width 'external_clock_40'
Slack : 12.491
TNS   : 0.000

Type  : Fast 900mV 0C Model Minimum Pulse Width 'altera_reserved_tck'
Slack : 49.175
TNS   : 0.000

------------------------------------------------------------
